[INFO] Scanning for projects...
[INFO] 
[INFO] -----------------------< com.plh:foodappbackend >-----------------------
[INFO] Building foodappbackend 0.0.1-SNAPSHOT
[INFO]   from pom.xml
[INFO] --------------------------------[ jar ]---------------------------------
[INFO] 
[INFO] --- clean:3.4.1:clean (default-clean) @ foodappbackend ---
[INFO] Deleting F:\foodApp\foodappbackend\target
[INFO] 
[INFO] --- resources:3.3.1:resources (default-resources) @ foodappbackend ---
[INFO] Copying 1 resource from src\main\resources to target\classes
[INFO] Copying 1 resource from src\main\resources to target\classes
[INFO] 
[INFO] --- compiler:3.14.1:compile (default-compile) @ foodappbackend ---
[INFO] Recompiling the module because of changed source code.
[INFO] Compiling 70 source files with javac [debug parameters release 17] to target\classes
[INFO] -------------------------------------------------------------
[ERROR] COMPILATION ERROR : 
[INFO] -------------------------------------------------------------
[ERROR] /F:/foodApp/foodappbackend/src/main/java/com/plh/foodappbackend/security/JwtAuthenticationFilter.java:[62,6] illegal start of type
[ERROR] /F:/foodApp/foodappbackend/src/main/java/com/plh/foodappbackend/security/JwtAuthenticationFilter.java:[68,25] <identifier> expected
[ERROR] /F:/foodApp/foodappbackend/src/main/java/com/plh/foodappbackend/security/JwtAuthenticationFilter.java:[68,33] <identifier> expected
[ERROR] /F:/foodApp/foodappbackend/src/main/java/com/plh/foodappbackend/security/JwtAuthenticationFilter.java:[68,42] <identifier> expected
[ERROR] /F:/foodApp/foodappbackend/src/main/java/com/plh/foodappbackend/security/JwtAuthenticationFilter.java:[71,13] class, interface, enum, or record expected
[ERROR] /F:/foodApp/foodappbackend/src/main/java/com/plh/foodappbackend/security/JwtAuthenticationFilter.java:[73,9] class, interface, enum, or record expected
[ERROR] /F:/foodApp/foodappbackend/src/main/java/com/plh/foodappbackend/security/JwtAuthenticationFilter.java:[75,9] class, interface, enum, or record expected
[ERROR] /F:/foodApp/foodappbackend/src/main/java/com/plh/foodappbackend/security/JwtAuthenticationFilter.java:[77,5] class, interface, enum, or record expected
[INFO] 8 errors 
[INFO] -------------------------------------------------------------
[INFO] ------------------------------------------------------------------------
[INFO] BUILD FAILURE
[INFO] ------------------------------------------------------------------------
[INFO] Total time:  12.487 s
[INFO] Finished at: 2026-02-14T23:04:46+05:30
[INFO] ------------------------------------------------------------------------
[ERROR] Failed to execute goal org.apache.maven.plugins:maven-compiler-plugin:3.14.1:compile (default-compile) on project foodappbackend: Compilation failure: Compilation failure: 
[ERROR] /F:/foodApp/foodappbackend/src/main/java/com/plh/foodappbackend/security/JwtAuthenticationFilter.java:[62,6] illegal start of type
[ERROR] /F:/foodApp/foodappbackend/src/main/java/com/plh/foodappbackend/security/JwtAuthenticationFilter.java:[68,25] <identifier> expected
[ERROR] /F:/foodApp/foodappbackend/src/main/java/com/plh/foodappbackend/security/JwtAuthenticationFilter.java:[68,33] <identifier> expected
[ERROR] /F:/foodApp/foodappbackend/src/main/java/com/plh/foodappbackend/security/JwtAuthenticationFilter.java:[68,42] <identifier> expected
[ERROR] /F:/foodApp/foodappbackend/src/main/java/com/plh/foodappbackend/security/JwtAuthenticationFilter.java:[71,13] class, interface, enum, or record expected
[ERROR] /F:/foodApp/foodappbackend/src/main/java/com/plh/foodappbackend/security/JwtAuthenticationFilter.java:[73,9] class, interface, enum, or record expected
[ERROR] /F:/foodApp/foodappbackend/src/main/java/com/plh/foodappbackend/security/JwtAuthenticationFilter.java:[75,9] class, interface, enum, or record expected
[ERROR] /F:/foodApp/foodappbackend/src/main/java/com/plh/foodappbackend/security/JwtAuthenticationFilter.java:[77,5] class, interface, enum, or record expected
[ERROR] -> [Help 1]
[ERROR] 
[ERROR] To see the full stack trace of the errors, re-run Maven with the -e switch.
[ERROR] Re-run Maven using the -X switch to enable full debug logging.
[ERROR] 
[ERROR] For more information about the errors and possible solutions, please read the following articles:
[ERROR] [Help 1] http://cwiki.apache.org/confluence/display/MAVEN/MojoFailureException
